{c,x} a
{0,0} 1.1
{0,7} 9.9
{0,8} 10.1
{4,3} 5.5
{4,4} 6.6
{4,5} 7.7
{4,6} 8.8
{c,x} a
{0,0} 1.1
{0,7} 9.9
{0,8} 10.1
{4,3} 5.5
{4,4} 6.6
{4,5} 7.7
{4,6} 8.8
{c,x} a,b
{0,0} 1.1,'a'
{0,7} 9.9,'i'
{0,8} 10.1,'k'
{4,3} 5.5,'f'
{4,4} 6.6,'g'
{4,5} 7.7,'h'
{4,6} 8.8,null
{c,x} a,b
{0,0} 1.1,'a'
{0,7} 9.9,'i'
{0,8} 10.1,'k'
{4,3} 5.5,'f'
{4,4} 6.6,'g'
{4,5} 7.7,'h'
{4,6} 8.8,null
{x} b
{0} 'a'
{2} 'c'
{3} 'f'
{4} 'g'
{5} 'h'
{6} null
{7} 'i'
{8} 'k'
{x} b
{0} 'a'
{2} 'c'
{3} 'f'
{4} 'g'
{5} 'h'
{6} null
{7} 'i'
{8} 'k'
{n} c,synthetic,b
{0} 0,5,'a'
{1} 0,6,'i'
{2} 0,7,'k'
{3} 1,5,'b'
{4} 4,5,'f'
{5} 4,6,'g'
{6} 4,7,null
{7} 4,8,'h'
{n} synthetic,c,a,b
{0} 3,0,1.1,'a'
{1} 4,0,9.9,'i'
{2} 5,0,10.1,'k'
{3} 3,1,2.2,'b'
{4} 3,4,5.5,'f'
{5} 4,4,6.6,'g'
{6} 5,4,8.8,null
{7} 6,4,7.7,'h'
